OziExplorer Map Data File Version 2.2
FF.tif
FF.tif
1 ,Map Code,
WGS 84,,   0.0000,   0.0000,WGS 84
Reserved 1
Reserved 2
Magnetic Variation,,,E
Map Projection,Mercator,PolyCal,No,AutoCalOnly,No,BSBUseWPX,No
Point01,xy,    0, 0,in, deg, 2, 37.7872,S, 116, 16.5647,E, grid,   ,           ,           ,N
Point02,xy,    340, 0,in, deg, 2, 37.7872,S, 116, 17.0037,E, grid,   ,           ,           ,N
Point03,xy,    681, 0,in, deg, 2, 37.7872,S, 116, 17.4415,E, grid,   ,           ,           ,N
Point04,xy,    0, 238,in, deg, 2, 38.0933,S, 116, 16.5647,E, grid,   ,           ,           ,N
Point05,xy,    340, 238,in, deg, 2, 38.0933,S, 116, 17.0037,E, grid,   ,           ,           ,N
Point06,xy,    681, 238,in, deg, 2, 38.0933,S, 116, 17.4415,E, grid,   ,           ,           ,N
Point07,xy,    0, 476,in, deg, 2, 38.3994,S, 116, 16.5647,E, grid,   ,           ,           ,N
Point08,xy,    340, 476,in, deg, 2, 38.3994,S, 116, 17.0037,E, grid,   ,           ,           ,N
Point09,xy,    681, 476,in, deg, 2, 38.3994,S, 116, 17.4415,E, grid,   ,           ,           ,N
Point10,xy,     ,     ,in, deg,    ,        ,N,    ,        ,W, grid,   ,           ,           ,N
Point11,xy,     ,     ,in, deg,    ,        ,N,    ,        ,W, grid,   ,           ,           ,N
Point12,xy,     ,     ,in, deg,    ,        ,N,    ,        ,W, grid,   ,           ,           ,N
Point13,xy,     ,     ,in, deg,    ,        ,N,    ,        ,W, grid,   ,           ,           ,N
Point14,xy,     ,     ,in, deg,    ,        ,N,    ,        ,W, grid,   ,           ,           ,N
Point15,xy,     ,     ,in, deg,    ,        ,N,    ,        ,W, grid,   ,           ,           ,N
Point16,xy,     ,     ,in, deg,    ,        ,N,    ,        ,W, grid,   ,           ,           ,N
Point17,xy,     ,     ,in, deg,    ,        ,N,    ,        ,W, grid,   ,           ,           ,N
Point18,xy,     ,     ,in, deg,    ,        ,N,    ,        ,W, grid,   ,           ,           ,N
Point19,xy,     ,     ,in, deg,    ,        ,N,    ,        ,W, grid,   ,           ,           ,N
Point20,xy,     ,     ,in, deg,    ,        ,N,    ,        ,W, grid,   ,           ,           ,N
Point21,xy,     ,     ,in, deg,    ,        ,N,    ,        ,W, grid,   ,           ,           ,N
Point22,xy,     ,     ,in, deg,    ,        ,N,    ,        ,W, grid,   ,           ,           ,N
Point23,xy,     ,     ,in, deg,    ,        ,N,    ,        ,W, grid,   ,           ,           ,N
Point24,xy,     ,     ,in, deg,    ,        ,N,    ,        ,W, grid,   ,           ,           ,N
Point25,xy,     ,     ,in, deg,    ,        ,N,    ,        ,W, grid,   ,           ,           ,N
Point26,xy,     ,     ,in, deg,    ,        ,N,    ,        ,W, grid,   ,           ,           ,N
Point27,xy,     ,     ,in, deg,    ,        ,N,    ,        ,W, grid,   ,           ,           ,N
Point28,xy,     ,     ,in, deg,    ,        ,N,    ,        ,W, grid,   ,           ,           ,N
Point29,xy,     ,     ,in, deg,    ,        ,N,    ,        ,W, grid,   ,           ,           ,N
Point30,xy,     ,     ,in, deg,    ,        ,N,    ,        ,W, grid,   ,           ,           ,N
Projection Setup,,,,,,,,,,
Map Feature = MF ; Map Comment = MC     These follow if they exist
Track File = TF      These follow if they exist
Moving Map Parameters = MM?    These follow if they exist
MM0,Yes
MMPNUM,4
MMPXY,1,0,0
MMPXY,2,681,0
MMPXY,3,681,476
MMPXY,4,0,476
MMPLL,1, 116.276078, -2.629787
MMPLL,2, 116.290691, -2.629787
MMPLL,3, 116.290691, -2.639990
MMPLL,4, 116.276078, -2.639990
MM1B,2.386132
MOP,Map Open Position,0,0
IWH,Map Image Width/Height,681,476
