OziExplorer Map Data File Version 2.2
FFFF.tif
FFFF.tif
1 ,Map Code,
WGS 84,,   0.0000,   0.0000,WGS 84
Reserved 1
Reserved 2
Magnetic Variation,,,E
Map Projection,Mercator,PolyCal,No,AutoCalOnly,No,BSBUseWPX,No
Point01,xy,    0, 0,in, deg, 2, 37.9312,S, 116, 15.1691,E, grid,   ,           ,           ,N
Point02,xy,    752, 0,in, deg, 2, 37.9312,S, 116, 17.1054,E, grid,   ,           ,           ,N
Point03,xy,    1504, 0,in, deg, 2, 37.9312,S, 116, 19.0418,E, grid,   ,           ,           ,N
Point04,xy,    0, 366,in, deg, 2, 38.8727,S, 116, 15.1691,E, grid,   ,           ,           ,N
Point05,xy,    752, 366,in, deg, 2, 38.8727,S, 116, 17.1054,E, grid,   ,           ,           ,N
Point06,xy,    1504, 366,in, deg, 2, 38.8727,S, 116, 19.0418,E, grid,   ,           ,           ,N
Point07,xy,    0, 732,in, deg, 2, 39.8141,S, 116, 15.1691,E, grid,   ,           ,           ,N
Point08,xy,    752, 732,in, deg, 2, 39.8141,S, 116, 17.1054,E, grid,   ,           ,           ,N
Point09,xy,    1504, 732,in, deg, 2, 39.8141,S, 116, 19.0418,E, grid,   ,           ,           ,N
Point10,xy,     ,     ,in, deg,    ,        ,N,    ,        ,W, grid,   ,           ,           ,N
Point11,xy,     ,     ,in, deg,    ,        ,N,    ,        ,W, grid,   ,           ,           ,N
Point12,xy,     ,     ,in, deg,    ,        ,N,    ,        ,W, grid,   ,           ,           ,N
Point13,xy,     ,     ,in, deg,    ,        ,N,    ,        ,W, grid,   ,           ,           ,N
Point14,xy,     ,     ,in, deg,    ,        ,N,    ,        ,W, grid,   ,           ,           ,N
Point15,xy,     ,     ,in, deg,    ,        ,N,    ,        ,W, grid,   ,           ,           ,N
Point16,xy,     ,     ,in, deg,    ,        ,N,    ,        ,W, grid,   ,           ,           ,N
Point17,xy,     ,     ,in, deg,    ,        ,N,    ,        ,W, grid,   ,           ,           ,N
Point18,xy,     ,     ,in, deg,    ,        ,N,    ,        ,W, grid,   ,           ,           ,N
Point19,xy,     ,     ,in, deg,    ,        ,N,    ,        ,W, grid,   ,           ,           ,N
Point20,xy,     ,     ,in, deg,    ,        ,N,    ,        ,W, grid,   ,           ,           ,N
Point21,xy,     ,     ,in, deg,    ,        ,N,    ,        ,W, grid,   ,           ,           ,N
Point22,xy,     ,     ,in, deg,    ,        ,N,    ,        ,W, grid,   ,           ,           ,N
Point23,xy,     ,     ,in, deg,    ,        ,N,    ,        ,W, grid,   ,           ,           ,N
Point24,xy,     ,     ,in, deg,    ,        ,N,    ,        ,W, grid,   ,           ,           ,N
Point25,xy,     ,     ,in, deg,    ,        ,N,    ,        ,W, grid,   ,           ,           ,N
Point26,xy,     ,     ,in, deg,    ,        ,N,    ,        ,W, grid,   ,           ,           ,N
Point27,xy,     ,     ,in, deg,    ,        ,N,    ,        ,W, grid,   ,           ,           ,N
Point28,xy,     ,     ,in, deg,    ,        ,N,    ,        ,W, grid,   ,           ,           ,N
Point29,xy,     ,     ,in, deg,    ,        ,N,    ,        ,W, grid,   ,           ,           ,N
Point30,xy,     ,     ,in, deg,    ,        ,N,    ,        ,W, grid,   ,           ,           ,N
Projection Setup,,,,,,,,,,
Map Feature = MF ; Map Comment = MC     These follow if they exist
Track File = TF      These follow if they exist
Moving Map Parameters = MM?    These follow if they exist
MM0,Yes
MMPNUM,4
MMPXY,1,0,0
MMPXY,2,1504,0
MMPXY,3,1504,732
MMPXY,4,0,732
MMPLL,1, 116.252818, -2.632187
MMPLL,2, 116.317363, -2.632187
MMPLL,3, 116.317363, -2.663568
MMPLL,4, 116.252818, -2.663568
MM1B,4.772214
MOP,Map Open Position,0,0
IWH,Map Image Width/Height,1504,732
